<html>
<body>
<pre>
<h1>礦ision Build Log</h1>
<h2>Tool Versions:</h2>
IDE-Version: μVision V5.37.0.0
Copyright (C) 2022 ARM Ltd and ARM Germany GmbH. All rights reserved.
License Information: Rxy Rxy
华北理工大学
User-based license: Keil MDK Community (non-commercial free of charge)
Valid until: Jun 1 2033. Cached until: Mar 30 2026
 
Tool Versions:
Toolchain:       Keil MDK Community (non-commercial free of charge  Version: 5.37.0.0
Toolchain Path:  D:\Keil\ARM\ARMCLANG\Bin
C Compiler:      ArmClang.exe V6.18
Assembler:       Armasm.exe V6.18
Linker/Locator:  ArmLink.exe V6.18
Library Manager: ArmAr.exe V6.18
Hex Converter:   FromElf.exe V6.18
CPU DLL:         SARMCM3.DLL V5.37.0.0
Dialog DLL:      DCM.DLL V1.17.5.0
Target DLL:      CMSIS_AGDI.dll V1.33.12.0
Dialog DLL:      TCM.DLL V1.56.1.0
 
<h2>Project:</h2>
C:\Users\R0602\Desktop\Infanity2026_test\damn_GIMBAL\VT13\CHASSIC\MDK-ARM\Horizon_Infantry.uvprojx
Project File Date:  01/02/2026

<h2>Output:</h2>
*** Using Compiler 'V6.18', folder: 'D:\Keil\ARM\ARMCLANG\Bin'
Rebuild target 'Horizon_Infantry'
compiling NIMING.c...
compiling bsp_buzzer.c...
compiling Referee.c...
compiling BMI088Middleware.c...
compiling bsp_imu_pwm.c...
compiling Power_CAP.c...
compiling can_bsp.c...
compiling bsp_dwt.c...
compiling bsp_adc.c...
compiling BMI088driver.c...
compiling DJI_Motor.c...
compiling DM_Motor.c...
compiling RGBctrl.c...
compiling VOFA.c...
compiling CANSPI.c...
compiling RUI_DBUS.c...
compiling MCP2515.c...
compiling Vision.c...
compiling music.c...
compiling CRC_DJI.c...
compiling kalman_filter.c...
compiling RUI_MATH.c...
compiling VT13.c...
compiling pid_temp.c...
compiling controller.c...
compiling QuaternionEKF.c...
compiling Power_Ctrl.c...
compiling slidingmodec.c...
compiling Bottom.c...
compiling user_lib.c...
compiling IMU_Task.c...
compiling Chassis_Task.c...
compiling Robot.c...
compiling RobotUI_Ctrl.c...
compiling Gimbal_Task.c...
compiling gpio.c...
compiling main.c...
compiling freertos.c...
compiling Shoot_Task.c...
compiling RUI_ROOT_INIT.c...
compiling adc.c...
compiling WHW_IRQN.c...
compiling All_Init.c...
compiling can.c...
compiling crc.c...
compiling dma.c...
compiling spi.c...
compiling tim.c...
compiling usart.c...
compiling stm32f4xx_hal_msp.c...
assembling startup_stm32f407xx.s...
compiling stm32f4xx_hal_timebase_tim.c...
compiling usb_device.c...
compiling usbd_desc.c...
compiling stm32f4xx_it.c...
compiling usbd_conf.c...
compiling stm32f4xx_hal_pcd_ex.c...
compiling usbd_cdc_if.c...
compiling stm32f4xx_hal_tim_ex.c...
compiling stm32f4xx_hal_pcd.c...
compiling stm32f4xx_hal_rcc_ex.c...
compiling stm32f4xx_hal_flash.c...
compiling stm32f4xx_ll_usb.c...
compiling stm32f4xx_hal_rcc.c...
compiling stm32f4xx_hal_flash_ex.c...
compiling stm32f4xx_hal_flash_ramfunc.c...
compiling stm32f4xx_hal_tim.c...
compiling stm32f4xx_hal_gpio.c...
compiling stm32f4xx_hal_dma_ex.c...
compiling stm32f4xx_hal_pwr.c...
compiling stm32f4xx_hal_dma.c...
compiling stm32f4xx_hal_pwr_ex.c...
compiling stm32f4xx_hal_cortex.c...
compiling stm32f4xx_hal.c...
compiling stm32f4xx_hal_exti.c...
compiling stm32f4xx_hal_adc.c...
compiling stm32f4xx_ll_adc.c...
compiling stm32f4xx_hal_adc_ex.c...
compiling croutine.c...
compiling stm32f4xx_hal_crc.c...
compiling system_stm32f4xx.c...
compiling stm32f4xx_hal_can.c...
compiling list.c...
compiling event_groups.c...
compiling stm32f4xx_hal_uart.c...
compiling stm32f4xx_hal_spi.c...
compiling queue.c...
compiling stream_buffer.c...
compiling timers.c...
compiling heap_4.c...
compiling cmsis_os.c...
compiling tasks.c...
compiling port.c...
compiling usbd_ioreq.c...
compiling SEGGER_RTT.c...
compiling SEGGER_RTT_printf.c...
compiling usbd_ctlreq.c...
compiling usbd_cdc.c...
compiling usbd_core.c...
compiling BayesFunctions.c...
compiling BasicMathFunctions.c...
compiling ComplexMathFunctions.c...
compiling ControllerFunctions.c...
compiling DistanceFunctions.c...
compiling InterpolationFunctions.c...
compiling FastMathFunctions.c...
compiling QuaternionMathFunctions.c...
compiling SVMFunctions.c...
compiling SupportFunctions.c...
compiling StatisticsFunctions.c...
compiling WindowFunctions.c...
compiling ui_default_init0_0.c...
compiling MatrixFunctions.c...
compiling ui_default_init0_2.c...
compiling ui_default_init0_1.c...
compiling ui_default_init1_0.c...
compiling ui_default_init2_0.c...
compiling ui_default_init3_0.c...
compiling ui_default_init4_0.c...
compiling ui_default_init5_0.c...
compiling ui_default_init5_1.c...
compiling ui_default_init5_2.c...
compiling FilteringFunctions.c...
compiling TransformFunctions.c...
compiling CommonTables.c...
compiling ui_default_init5_3.c...
compiling ui_default_init6_0.c...
compiling ui_interface.c...
linking...
Program Size: Code=122104 RO-data=4928 RW-data=660 ZI-data=61788  
FromELF: creating hex file...
"Horizon_Infantry\Horizon_Infantry.axf" - 0 Error(s), 0 Warning(s).

<h2>Software Packages used:</h2>

Package Vendor: Keil
                https://www.keil.com/pack/Keil.STM32F4xx_DFP.3.0.0.pack
                Keil.STM32F4xx_DFP.3.0.0
                STMicroelectronics STM32F4 Series Device Support

<h2>Collection of Component include folders:</h2>

<h2>Collection of Component Files used:</h2>
Build Time Elapsed:  00:00:09
</pre>
</body>
</html>
